// Jest Snapshot v1, https://goo.gl/fbAQLP

exports[`Tests for the list command should list all available configs 1`] = `
"Default configurations:
 - babel
 - eslint
 - lint-staged
 - prettier
 - typescript
 - tslint
"
`;

exports[`Tests for the list command should list all available file types for a given config 1`] = `
"Available file types for eslint:
 - js
 - json
 - yaml
Supports package.json: yes
"
`;

exports[`Tests for the list command should word with the ls alias 1`] = `
"Default configurations:
 - babel
 - eslint
 - lint-staged
 - prettier
 - typescript
 - tslint
"
`;
